// Jest Snapshot v1, https://goo.gl/fbAQLP

exports[`CalculatorComponent 1`] = `
<Calculator>
  <div
    className="calculator"
  >
    <div>
      <Screen
        currentScreenValue={0}
      >
        <div
          className="screen"
        >
          0
        </div>
      </Screen>
    </div>
    <div>
      <Keyboard
        buttonHandler={[Function]}
      >
        <div
          className="keyBoard"
        >
          <Button
            buttonHandler={[Function]}
            buttonValue="AC"
            clName="box boxAC"
          >
            <div
              className="box boxAC"
              onClick={[Function]}
            >
              AC
            </div>
          </Button>
          <Button
            buttonHandler={[Function]}
            buttonValue="/"
            clName="box"
          >
            <div
              className="box"
              onClick={[Function]}
            >
              /
            </div>
          </Button>
          <Button
            buttonHandler={[Function]}
            buttonValue="7"
            clName="box"
          >
            <div
              className="box"
              onClick={[Function]}
            >
              7
            </div>
          </Button>
          <Button
            buttonHandler={[Function]}
            buttonValue="8"
            clName="box"
          >
            <div
              className="box"
              onClick={[Function]}
            >
              8
            </div>
          </Button>
          <Button
            buttonHandler={[Function]}
            buttonValue="9"
            clName="box"
          >
            <div
              className="box"
              onClick={[Function]}
            >
              9
            </div>
          </Button>
          <Button
            buttonHandler={[Function]}
            buttonValue="*"
            clName="box boxMul"
          >
            <div
              className="box boxMul"
              onClick={[Function]}
            >
              *
            </div>
          </Button>
          <Button
            buttonHandler={[Function]}
            buttonValue="4"
            clName="box"
          >
            <div
              className="box"
              onClick={[Function]}
            >
              4
            </div>
          </Button>
          <Button
            buttonHandler={[Function]}
            buttonValue="5"
            clName="box box5"
          >
            <div
              className="box box5"
              onClick={[Function]}
            >
              5
            </div>
          </Button>
          <Button
            buttonHandler={[Function]}
            buttonValue="6"
            clName="box"
          >
            <div
              className="box"
              onClick={[Function]}
            >
              6
            </div>
          </Button>
          <Button
            buttonHandler={[Function]}
            buttonValue="-"
            clName="box boxMn"
          >
            <div
              className="box boxMn"
              onClick={[Function]}
            >
              -
            </div>
          </Button>
          <Button
            buttonHandler={[Function]}
            buttonValue="1"
            clName="box"
          >
            <div
              className="box"
              onClick={[Function]}
            >
              1
            </div>
          </Button>
          <Button
            buttonHandler={[Function]}
            buttonValue="2"
            clName="box"
          >
            <div
              className="box"
              onClick={[Function]}
            >
              2
            </div>
          </Button>
          <Button
            buttonHandler={[Function]}
            buttonValue="3"
            clName="box"
          >
            <div
              className="box"
              onClick={[Function]}
            >
              3
            </div>
          </Button>
          <Button
            buttonHandler={[Function]}
            buttonValue="+"
            clName="box boxPl"
          >
            <div
              className="box boxPl"
              onClick={[Function]}
            >
              +
            </div>
          </Button>
          <Button
            buttonHandler={[Function]}
            buttonValue="0"
            clName="box box0"
          >
            <div
              className="box box0"
              onClick={[Function]}
            >
              0
            </div>
          </Button>
          <Button
            buttonHandler={[Function]}
            buttonValue="="
            clName="box boxEq"
          >
            <div
              className="box boxEq"
              onClick={[Function]}
            >
              =
            </div>
          </Button>
        </div>
      </Keyboard>
    </div>
  </div>
</Calculator>
`;
